AR reg behavioral //vnx-cifs/coefs/eng/shared/gogunwumi/368/UMDRISC_P1-master1/UMDRISC_P1-master/reg.vhd sub00/vhpl01 1460137626
AR arith_unit combinational //vnx-cifs/coefs/eng/shared/gogunwumi/368/UMDRISC_P1-master1/UMDRISC_P1-master/ALU/alu_arithmetic_unit.vhd sub00/vhpl05 1459974207
EN writeback NULL //vnx-cifs/coefs/eng/shared/gogunwumi/368/UMDRISC_P1-master1/UMDRISC_P1-master/writeback/WriteBack.vhd sub00/vhpl21 1460137629
AR load_store_unit behavioral //vnx-cifs/coefs/eng/shared/gogunwumi/368/UMDRISC_P1-master1/UMDRISC_P1-master/ALU/load_store_unit.vhd sub00/vhpl11 1459974213
AR programcounter structural //vnx-cifs/coefs/eng/shared/gogunwumi/368/UMDRISC_P1-master1/UMDRISC_P1-master/Fetch/ProgramCounter.vhd sub00/vhpl19 1459974221
EN data_mem NULL //vnx-cifs/coefs/eng/shared/gogunwumi/368/UMDRISC_P1-master1/UMDRISC_P1-master/UMDRISC/ipcore_dir/Data_Mem.vhd sub00/vhpl22 1460137623
AR decoder behavioral //vnx-cifs/coefs/eng/shared/gogunwumi/368/UMDRISC_P1-master1/UMDRISC_P1-master/Decode/Decoder.vhd sub00/vhpl17 1459974219
EN regram NULL //vnx-cifs/coefs/eng/shared/gogunwumi/368/UMDRISC_P1-master1/UMDRISC_P1-master/Operand_Access/RegRAM.vhd sub00/vhpl14 1459974216
AR alu_mux combinational //vnx-cifs/coefs/eng/shared/gogunwumi/368/UMDRISC_P1-master1/UMDRISC_P1-master/ALU/alu_mux.vhd sub00/vhpl13 1459974215
EN pcstack NULL //vnx-cifs/coefs/eng/shared/gogunwumi/368/UMDRISC_P1-master1/UMDRISC_P1-master/Fetch/PCstack.vhd sub00/vhpl20 1459974222
AR logic_unit combinational //vnx-cifs/coefs/eng/shared/gogunwumi/368/UMDRISC_P1-master1/UMDRISC_P1-master/ALU/alu_logic_unit.vhd sub00/vhpl07 1459974209
EN load_store_unit NULL //vnx-cifs/coefs/eng/shared/gogunwumi/368/UMDRISC_P1-master1/UMDRISC_P1-master/ALU/load_store_unit.vhd sub00/vhpl10 1459974212
EN programcounter NULL //vnx-cifs/coefs/eng/shared/gogunwumi/368/UMDRISC_P1-master1/UMDRISC_P1-master/Fetch/ProgramCounter.vhd sub00/vhpl18 1459974220
EN arith_unit NULL //vnx-cifs/coefs/eng/shared/gogunwumi/368/UMDRISC_P1-master1/UMDRISC_P1-master/ALU/alu_arithmetic_unit.vhd sub00/vhpl04 1459974206
EN logic_unit NULL //vnx-cifs/coefs/eng/shared/gogunwumi/368/UMDRISC_P1-master1/UMDRISC_P1-master/ALU/alu_logic_unit.vhd sub00/vhpl06 1459974208
EN alu_shift_unit NULL //vnx-cifs/coefs/eng/shared/gogunwumi/368/UMDRISC_P1-master1/UMDRISC_P1-master/ALU/alu_shift_unit.vhd sub00/vhpl08 1459974210
AR alu_shift_unit combinational //vnx-cifs/coefs/eng/shared/gogunwumi/368/UMDRISC_P1-master1/UMDRISC_P1-master/ALU/alu_shift_unit.vhd sub00/vhpl09 1459974211
AR mux_2to1 behavioral //vnx-cifs/coefs/eng/shared/gogunwumi/368/UMDRISC_P1-master1/UMDRISC_P1-master/mux_2to1.vhd sub00/vhpl03 1460137628
EN mux_2to1 NULL //vnx-cifs/coefs/eng/shared/gogunwumi/368/UMDRISC_P1-master1/UMDRISC_P1-master/mux_2to1.vhd sub00/vhpl02 1460137627
AR data_mem data_mem_a //vnx-cifs/coefs/eng/shared/gogunwumi/368/UMDRISC_P1-master1/UMDRISC_P1-master/UMDRISC/ipcore_dir/Data_Mem.vhd sub00/vhpl23 1460137624
EN decoder NULL //vnx-cifs/coefs/eng/shared/gogunwumi/368/UMDRISC_P1-master1/UMDRISC_P1-master/Decode/Decoder.vhd sub00/vhpl16 1459974218
EN alu_mux NULL //vnx-cifs/coefs/eng/shared/gogunwumi/368/UMDRISC_P1-master1/UMDRISC_P1-master/ALU/alu_mux.vhd sub00/vhpl12 1459974214
EN reg NULL //vnx-cifs/coefs/eng/shared/gogunwumi/368/UMDRISC_P1-master1/UMDRISC_P1-master/reg.vhd sub00/vhpl00 1460137625
AR regram behavioral //vnx-cifs/coefs/eng/shared/gogunwumi/368/UMDRISC_P1-master1/UMDRISC_P1-master/Operand_Access/RegRAM.vhd sub00/vhpl15 1459974217
AR writeback behavioral //vnx-cifs/coefs/eng/shared/gogunwumi/368/UMDRISC_P1-master1/UMDRISC_P1-master/writeback/WriteBack.vhd sub00/vhpl24 1460137409
