V3 82
FL //vnx-cifs/coefs/eng/shared/gogunwumi/368/UMDRISC_P1-master1/UMDRISC_P1-master/ALU/alu_arithmetic_unit.vhd 2016/04/06.10:39:00 P.20131013
EN work/Arith_Unit 1459974206 \
      FL //vnx-cifs/coefs/eng/shared/gogunwumi/368/UMDRISC_P1-master1/UMDRISC_P1-master/ALU/alu_arithmetic_unit.vhd \
      PB ieee/std_logic_1164 1381692176 PB ieee/std_logic_arith 1381692177 \
      PB ieee/STD_LOGIC_UNSIGNED 1381692179
AR work/Arith_Unit/Combinational 1459974207 \
      FL //vnx-cifs/coefs/eng/shared/gogunwumi/368/UMDRISC_P1-master1/UMDRISC_P1-master/ALU/alu_arithmetic_unit.vhd \
      EN work/Arith_Unit 1459974206
FL //vnx-cifs/coefs/eng/shared/gogunwumi/368/UMDRISC_P1-master1/UMDRISC_P1-master/ALU/alu_logic_unit.vhd 2016/04/06.10:39:00 P.20131013
EN work/Logic_Unit 1459974208 \
      FL //vnx-cifs/coefs/eng/shared/gogunwumi/368/UMDRISC_P1-master1/UMDRISC_P1-master/ALU/alu_logic_unit.vhd \
      PB ieee/std_logic_1164 1381692176 PB ieee/std_logic_arith 1381692177 \
      PB ieee/STD_LOGIC_UNSIGNED 1381692179
AR work/Logic_Unit/Combinational 1459974209 \
      FL //vnx-cifs/coefs/eng/shared/gogunwumi/368/UMDRISC_P1-master1/UMDRISC_P1-master/ALU/alu_logic_unit.vhd \
      EN work/Logic_Unit 1459974208
FL //vnx-cifs/coefs/eng/shared/gogunwumi/368/UMDRISC_P1-master1/UMDRISC_P1-master/ALU/alu_mux.vhd 2016/04/06.10:39:00 P.20131013
EN work/ALU_Mux 1459974214 \
      FL //vnx-cifs/coefs/eng/shared/gogunwumi/368/UMDRISC_P1-master1/UMDRISC_P1-master/ALU/alu_mux.vhd \
      PB ieee/std_logic_1164 1381692176 PB ieee/std_logic_arith 1381692177 \
      PB ieee/STD_LOGIC_UNSIGNED 1381692179
AR work/ALU_Mux/Combinational 1459974215 \
      FL //vnx-cifs/coefs/eng/shared/gogunwumi/368/UMDRISC_P1-master1/UMDRISC_P1-master/ALU/alu_mux.vhd \
      EN work/ALU_Mux 1459974214
FL //vnx-cifs/coefs/eng/shared/gogunwumi/368/UMDRISC_P1-master1/UMDRISC_P1-master/ALU/alu_shift_unit.vhd 2016/04/06.10:39:00 P.20131013
EN work/ALU_Shift_Unit 1459974210 \
      FL //vnx-cifs/coefs/eng/shared/gogunwumi/368/UMDRISC_P1-master1/UMDRISC_P1-master/ALU/alu_shift_unit.vhd \
      PB ieee/std_logic_1164 1381692176 PB ieee/std_logic_arith 1381692177 \
      PB ieee/STD_LOGIC_UNSIGNED 1381692179
AR work/ALU_Shift_Unit/Combinational 1459974211 \
      FL //vnx-cifs/coefs/eng/shared/gogunwumi/368/UMDRISC_P1-master1/UMDRISC_P1-master/ALU/alu_shift_unit.vhd \
      EN work/ALU_Shift_Unit 1459974210
FL //vnx-cifs/coefs/eng/shared/gogunwumi/368/UMDRISC_P1-master1/UMDRISC_P1-master/ALU/alu_toplevel.vhd 2016/04/06.10:39:00 P.20131013
EN work/ALU 0 \
      FL //vnx-cifs/coefs/eng/shared/gogunwumi/368/UMDRISC_P1-master1/UMDRISC_P1-master/ALU/alu_toplevel.vhd \
      PB ieee/std_logic_1164 1381692176 PB ieee/std_logic_arith 1381692177 \
      PB ieee/STD_LOGIC_UNSIGNED 1381692179 LB work
AR work/ALU/Structural 0 \
      FL //vnx-cifs/coefs/eng/shared/gogunwumi/368/UMDRISC_P1-master1/UMDRISC_P1-master/ALU/alu_toplevel.vhd \
      EN work/ALU 0 CP work/Arith_Unit CP work/Logic_Unit CP work/alu_shift_unit \
      CP work/Load_Store_Unit CP work/ALU_Mux
FL //vnx-cifs/coefs/eng/shared/gogunwumi/368/UMDRISC_P1-master1/UMDRISC_P1-master/ALU/load_store_unit.vhd 2016/04/06.10:39:00 P.20131013
EN work/Load_Store_Unit 1459974212 \
      FL //vnx-cifs/coefs/eng/shared/gogunwumi/368/UMDRISC_P1-master1/UMDRISC_P1-master/ALU/load_store_unit.vhd \
      PB ieee/std_logic_1164 1381692176 PB ieee/std_logic_arith 1381692177 \
      PB ieee/STD_LOGIC_UNSIGNED 1381692179
AR work/Load_Store_Unit/Behavioral 1459974213 \
      FL //vnx-cifs/coefs/eng/shared/gogunwumi/368/UMDRISC_P1-master1/UMDRISC_P1-master/ALU/load_store_unit.vhd \
      EN work/Load_Store_Unit 1459974212
FL //vnx-cifs/coefs/eng/shared/gogunwumi/368/UMDRISC_P1-master1/UMDRISC_P1-master/Control/controlModules.vhd 2016/04/06.10:39:00 P.20131013
EN work/controlModules 0 \
      FL //vnx-cifs/coefs/eng/shared/gogunwumi/368/UMDRISC_P1-master1/UMDRISC_P1-master/Control/controlModules.vhd \
      PB ieee/std_logic_1164 1381692176 LB work
AR work/controlModules/Behavioral 0 \
      FL //vnx-cifs/coefs/eng/shared/gogunwumi/368/UMDRISC_P1-master1/UMDRISC_P1-master/Control/controlModules.vhd \
      EN work/controlModules 0
FL //vnx-cifs/coefs/eng/shared/gogunwumi/368/UMDRISC_P1-master1/UMDRISC_P1-master/Control/PipelineController.vhd 2016/04/06.10:39:00 P.20131013
EN work/PipelineController 0 \
      FL //vnx-cifs/coefs/eng/shared/gogunwumi/368/UMDRISC_P1-master1/UMDRISC_P1-master/Control/PipelineController.vhd \
      PB ieee/std_logic_1164 1381692176 PB ieee/std_logic_arith 1381692177 \
      PB ieee/STD_LOGIC_UNSIGNED 1381692179 LB work
AR work/PipelineController/Structural 0 \
      FL //vnx-cifs/coefs/eng/shared/gogunwumi/368/UMDRISC_P1-master1/UMDRISC_P1-master/Control/PipelineController.vhd \
      EN work/PipelineController 0 CP work/reg
FL //vnx-cifs/coefs/eng/shared/gogunwumi/368/UMDRISC_P1-master1/UMDRISC_P1-master/Decode/Decoder.vhd 2016/04/06.10:39:00 P.20131013
EN work/Decoder 1459974218 \
      FL //vnx-cifs/coefs/eng/shared/gogunwumi/368/UMDRISC_P1-master1/UMDRISC_P1-master/Decode/Decoder.vhd \
      PB ieee/std_logic_1164 1381692176
AR work/Decoder/Behavioral 1459974219 \
      FL //vnx-cifs/coefs/eng/shared/gogunwumi/368/UMDRISC_P1-master1/UMDRISC_P1-master/Decode/Decoder.vhd \
      EN work/Decoder 1459974218
FL //vnx-cifs/coefs/eng/shared/gogunwumi/368/UMDRISC_P1-master1/UMDRISC_P1-master/Decode/Decode_top.vhd 2016/04/06.10:39:00 P.20131013
EN work/Decode_top 0 \
      FL //vnx-cifs/coefs/eng/shared/gogunwumi/368/UMDRISC_P1-master1/UMDRISC_P1-master/Decode/Decode_top.vhd \
      PB ieee/std_logic_1164 1381692176
AR work/Decode_top/Behavioral 0 \
      FL //vnx-cifs/coefs/eng/shared/gogunwumi/368/UMDRISC_P1-master1/UMDRISC_P1-master/Decode/Decode_top.vhd \
      EN work/Decode_top 0 CP work/Decoder CP work/reg
FL //vnx-cifs/coefs/eng/shared/gogunwumi/368/UMDRISC_P1-master1/UMDRISC_P1-master/Fetch/fetch_toplevel.vhd 2016/04/06.10:39:00 P.20131013
EN work/fetch_toplevel 0 \
      FL //vnx-cifs/coefs/eng/shared/gogunwumi/368/UMDRISC_P1-master1/UMDRISC_P1-master/Fetch/fetch_toplevel.vhd \
      PB ieee/std_logic_1164 1381692176
AR work/fetch_toplevel/Behavioral 0 \
      FL //vnx-cifs/coefs/eng/shared/gogunwumi/368/UMDRISC_P1-master1/UMDRISC_P1-master/Fetch/fetch_toplevel.vhd \
      EN work/fetch_toplevel 0 CP work/ProgramCounter CP work/PCstack CP work/ROM \
      CP work/reg
FL //vnx-cifs/coefs/eng/shared/gogunwumi/368/UMDRISC_P1-master1/UMDRISC_P1-master/Fetch/PCstack.vhd 2016/04/06.10:39:00 P.20131013
EN work/PCstack 0 \
      FL //vnx-cifs/coefs/eng/shared/gogunwumi/368/UMDRISC_P1-master1/UMDRISC_P1-master/Fetch/PCstack.vhd \
      PB ieee/std_logic_1164 1381692176 PB ieee/std_logic_arith 1381692177 \
      PB ieee/STD_LOGIC_UNSIGNED 1381692179
AR work/PCstack/Behavioral 0 \
      FL //vnx-cifs/coefs/eng/shared/gogunwumi/368/UMDRISC_P1-master1/UMDRISC_P1-master/Fetch/PCstack.vhd \
      EN work/PCstack 0 CP work/stack_RAM
FL //vnx-cifs/coefs/eng/shared/gogunwumi/368/UMDRISC_P1-master1/UMDRISC_P1-master/Fetch/ProgramCounter.vhd 2016/04/06.10:39:00 P.20131013
EN work/ProgramCounter 1459974220 \
      FL //vnx-cifs/coefs/eng/shared/gogunwumi/368/UMDRISC_P1-master1/UMDRISC_P1-master/Fetch/ProgramCounter.vhd \
      PB ieee/std_logic_1164 1381692176 PB ieee/std_logic_arith 1381692177 \
      PB ieee/STD_LOGIC_UNSIGNED 1381692179
AR work/ProgramCounter/Structural 1459974221 \
      FL //vnx-cifs/coefs/eng/shared/gogunwumi/368/UMDRISC_P1-master1/UMDRISC_P1-master/Fetch/ProgramCounter.vhd \
      EN work/ProgramCounter 1459974220
FL //vnx-cifs/coefs/eng/shared/gogunwumi/368/UMDRISC_P1-master1/UMDRISC_P1-master/mux_2to1.vhd 2016/04/06.10:39:00 P.20131013
EN work/mux_2to1 1460137627 \
      FL //vnx-cifs/coefs/eng/shared/gogunwumi/368/UMDRISC_P1-master1/UMDRISC_P1-master/mux_2to1.vhd \
      PB ieee/std_logic_1164 1381692176
AR work/mux_2to1/Behavioral 1460137628 \
      FL //vnx-cifs/coefs/eng/shared/gogunwumi/368/UMDRISC_P1-master1/UMDRISC_P1-master/mux_2to1.vhd \
      EN work/mux_2to1 1460137627
FL //vnx-cifs/coefs/eng/shared/gogunwumi/368/UMDRISC_P1-master1/UMDRISC_P1-master/Operand_Access/Operand_top.vhd 2016/04/06.11:02:50 P.20131013
EN work/Operand_top 0 \
      FL //vnx-cifs/coefs/eng/shared/gogunwumi/368/UMDRISC_P1-master1/UMDRISC_P1-master/Operand_Access/Operand_top.vhd \
      PB ieee/std_logic_1164 1381692176 LB work
AR work/Operand_top/Behavioral 0 \
      FL //vnx-cifs/coefs/eng/shared/gogunwumi/368/UMDRISC_P1-master1/UMDRISC_P1-master/Operand_Access/Operand_top.vhd \
      EN work/Operand_top 0 CP work/RegRAM CP work/mux_2to1 CP work/reg
FL //vnx-cifs/coefs/eng/shared/gogunwumi/368/UMDRISC_P1-master1/UMDRISC_P1-master/Operand_Access/RegRAM.vhd 2016/04/06.10:39:01 P.20131013
EN work/RegRAM 1459974216 \
      FL //vnx-cifs/coefs/eng/shared/gogunwumi/368/UMDRISC_P1-master1/UMDRISC_P1-master/Operand_Access/RegRAM.vhd \
      PB ieee/std_logic_1164 1381692176 PB ieee/std_logic_arith 1381692177 \
      PB ieee/STD_LOGIC_UNSIGNED 1381692179
AR work/RegRAM/behavioral 1459974217 \
      FL //vnx-cifs/coefs/eng/shared/gogunwumi/368/UMDRISC_P1-master1/UMDRISC_P1-master/Operand_Access/RegRAM.vhd \
      EN work/RegRAM 1459974216
FL //vnx-cifs/coefs/eng/shared/gogunwumi/368/UMDRISC_P1-master1/UMDRISC_P1-master/reg.vhd 2016/04/06.10:39:00 P.20131013
EN work/reg 1460137625 \
      FL //vnx-cifs/coefs/eng/shared/gogunwumi/368/UMDRISC_P1-master1/UMDRISC_P1-master/reg.vhd \
      PB ieee/std_logic_1164 1381692176 PB ieee/std_logic_arith 1381692177 \
      PB ieee/STD_LOGIC_UNSIGNED 1381692179
AR work/reg/Behavioral 1460137626 \
      FL //vnx-cifs/coefs/eng/shared/gogunwumi/368/UMDRISC_P1-master1/UMDRISC_P1-master/reg.vhd \
      EN work/reg 1460137625
FL //vnx-cifs/coefs/eng/shared/gogunwumi/368/UMDRISC_P1-master1/UMDRISC_P1-master/TopLevel.vhd 2016/04/06.14:30:28 P.20131013
EN work/TopLevel 0 \
      FL //vnx-cifs/coefs/eng/shared/gogunwumi/368/UMDRISC_P1-master1/UMDRISC_P1-master/TopLevel.vhd \
      PB ieee/std_logic_1164 1381692176 LB work
AR work/TopLevel/Behavioral 0 \
      FL //vnx-cifs/coefs/eng/shared/gogunwumi/368/UMDRISC_P1-master1/UMDRISC_P1-master/TopLevel.vhd \
      EN work/TopLevel 0 CP work/fetch_toplevel CP work/Decode_top \
      CP work/Operand_top CP work/ALU CP work/PipelineController \
      CP work/ControlModules CP work/reg CP work/WriteBack
FL //vnx-cifs/coefs/eng/shared/gogunwumi/368/UMDRISC_P1-master1/UMDRISC_P1-master/UMDRISC/ipcore_dir/Data_Mem.vhd 2016/04/06.16:13:50 P.20131013
EN work/Data_Mem 1460137623 \
      FL //vnx-cifs/coefs/eng/shared/gogunwumi/368/UMDRISC_P1-master1/UMDRISC_P1-master/UMDRISC/ipcore_dir/Data_Mem.vhd \
      PB ieee/std_logic_1164 1381692176
AR work/Data_Mem/Data_Mem_a 1460137624 \
      FL //vnx-cifs/coefs/eng/shared/gogunwumi/368/UMDRISC_P1-master1/UMDRISC_P1-master/UMDRISC/ipcore_dir/Data_Mem.vhd \
      EN work/Data_Mem 1460137623
FL //vnx-cifs/coefs/eng/shared/gogunwumi/368/UMDRISC_P1-master1/UMDRISC_P1-master/writeback/WriteBack.vhd 2016/04/06.16:20:33 P.20131013
EN work/WriteBack 1460137408 \
      FL //vnx-cifs/coefs/eng/shared/gogunwumi/368/UMDRISC_P1-master1/UMDRISC_P1-master/writeback/WriteBack.vhd \
      PB ieee/std_logic_1164 1381692176
AR work/WriteBack/Behavioral 1460137409 \
      FL //vnx-cifs/coefs/eng/shared/gogunwumi/368/UMDRISC_P1-master1/UMDRISC_P1-master/writeback/WriteBack.vhd \
      EN work/WriteBack 1460137408 CP work/Data_Mem CP work/reg CP work/mux_2to1
